DETERMINANT_FACTOR=PASS
RESIDUAL_DEGREE=8
RESIDUAL_HOMOGENEOUS=True
STRUCTURAL_FACTOR_MULTIPLICITY=1
SHIFTED_CYCLOTOMIC_IDENTITY=PASS
F=A^2+3*Delta*B^2
MOD13_INTEGRALITY_WITNESS=PASS
ELLIPTIC_DISCRIMINANT=8
BRANCH_DISCRIMINANT=4
RABIN_Q4_GCD=1
RABIN_Q8_REMAINDER=0
SMOOTH_POINT=(1,6), GRADIENT=(2,0)
MONIC_SLICE= v**8 - 3*v**7 - 2*v**6 + 3*v**5 + 4*v**4 + 4*v**3 - 3*v**2 - 5*v - 2
MOD13_ADMISSIBILITY_WITNESS=PASS
SECTION=(3:5:1)
CONIC_COEFFS= [5, 1, 7, 7, 0, 2]
FIXED_DIVISOR_DISCRIMINANT=1
FIXED_LINE_DISCRIMINANT= 4
LINE_INTERSECTIONS= (12, 8) (9, 9) (6, 6)
LINES= (1, 9, 1) (1, 12, 3)
LINE_DISCRIMINANTS= [3, 5]
